latexml (LaTeXML version 0.8.8) processing Hello_World.tex
(Digesting TeX Hello_World...
(Loading /opt/homebrew/Cellar/latexml/0.8.8_4/libexec/lib/perl5/LaTeXML/Package/TeX.pool.ltxml...
(Loading /opt/homebrew/Cellar/latexml/0.8.8_4/libexec/lib/perl5/LaTeXML/Package/eTeX.pool.ltxml... 0.00 sec)
(Loading /opt/homebrew/Cellar/latexml/0.8.8_4/libexec/lib/perl5/LaTeXML/Package/pdfTeX.pool.ltxml... 0.00 sec) 0.05 sec)
(Processing content /Users/chuckrocca/OneDrive - WCSU/GitHub/Summer-Accessibility-Project/MWE File/Hello_World.tex...
(Loading /opt/homebrew/Cellar/latexml/0.8.8_4/libexec/lib/perl5/LaTeXML/Package/LaTeX.pool.ltxml...
(Loading /opt/homebrew/Cellar/latexml/0.8.8_4/libexec/lib/perl5/LaTeXML/Package/textcomp.sty.ltxml...
(Processing definitions /usr/local/texlive/2026/texmf-dist/tex/latex/base/ts1enc.dfu... 0.01 sec) 0.48 sec) 0.55 sec)
(Loading /opt/homebrew/Cellar/latexml/0.8.8_4/libexec/lib/perl5/LaTeXML/Package/article.cls.ltxml... 0.00 sec)
(Processing content /Users/chuckrocca/OneDrive - WCSU/GitHub/Summer-Accessibility-Project/tex/latexml_header.tex...
(Loading /opt/homebrew/Cellar/latexml/0.8.8_4/libexec/lib/perl5/LaTeXML/Package/latexml.sty.ltxml... 0.00 sec)
(Loading /opt/homebrew/Cellar/latexml/0.8.8_4/libexec/lib/perl5/LaTeXML/Package/amsmath.sty.ltxml...
(Loading /opt/homebrew/Cellar/latexml/0.8.8_4/libexec/lib/perl5/LaTeXML/Package/amsbsy.sty.ltxml...
(Loading /opt/homebrew/Cellar/latexml/0.8.8_4/libexec/lib/perl5/LaTeXML/Package/amsgen.sty.ltxml... 0.00 sec) 0.00 sec)
(Loading /opt/homebrew/Cellar/latexml/0.8.8_4/libexec/lib/perl5/LaTeXML/Package/amstext.sty.ltxml... 0.00 sec)
(Loading /opt/homebrew/Cellar/latexml/0.8.8_4/libexec/lib/perl5/LaTeXML/Package/amsopn.sty.ltxml... 0.00 sec) 0.02 sec)
(Loading /opt/homebrew/Cellar/latexml/0.8.8_4/libexec/lib/perl5/LaTeXML/Package/amssymb.sty.ltxml...
(Loading /opt/homebrew/Cellar/latexml/0.8.8_4/libexec/lib/perl5/LaTeXML/Package/amsfonts.sty.ltxml... 0.00 sec) 0.01 sec)
(Loading /opt/homebrew/Cellar/latexml/0.8.8_4/libexec/lib/perl5/LaTeXML/Package/amsthm.sty.ltxml... 0.00 sec)
(Loading /opt/homebrew/Cellar/latexml/0.8.8_4/libexec/lib/perl5/LaTeXML/Package/tikz.sty.ltxml...
(Processing definitions /usr/local/texlive/2026/texmf-dist/tex/latex/pgf/frontendlayer/tikz.sty...
(Loading /opt/homebrew/Cellar/latexml/0.8.8_4/libexec/lib/perl5/LaTeXML/Package/pgf.sty.ltxml...
(Processing definitions /usr/local/texlive/2026/texmf-dist/tex/latex/pgf/basiclayer/pgf.sty...
(Processing definitions /usr/local/texlive/2026/texmf-dist/tex/latex/pgf/utilities/pgfrcs.sty...
(Loading /opt/homebrew/Cellar/latexml/0.8.8_4/libexec/lib/perl5/LaTeXML/Package/pgfutil-common.tex.ltxml...
(Processing definitions /usr/local/texlive/2026/texmf-dist/tex/generic/pgf/utilities/pgfutil-common.tex... 0.03 sec) 0.03 sec)
(Processing definitions /usr/local/texlive/2026/texmf-dist/tex/generic/pgf/utilities/pgfutil-latex.def...
(Processing definitions /usr/local/texlive/2026/texmf-dist/tex/latex/everyshi/everyshi.sty...
(Processing definitions /usr/local/texlive/2026/texmf-dist/tex/latex/everyshi/everyshi-2001-05-15.sty... 0.00 sec) 0.07 sec) 0.08 sec)
(Processing definitions /usr/local/texlive/2026/texmf-dist/tex/generic/pgf/utilities/pgfrcs.code.tex...
(Processing definitions /usr/local/texlive/2026/texmf-dist/tex/generic/pgf/pgf.revision.tex... 0.00 sec) 0.01 sec) 0.19 sec)
(Processing definitions /usr/local/texlive/2026/texmf-dist/tex/latex/pgf/basiclayer/pgfcore.sty...
(Loading /opt/homebrew/Cellar/latexml/0.8.8_4/libexec/lib/perl5/LaTeXML/Package/graphicx.sty.ltxml...
(Loading /opt/homebrew/Cellar/latexml/0.8.8_4/libexec/lib/perl5/LaTeXML/Package/graphics.sty.ltxml... 0.00 sec) 0.01 sec)
(Processing definitions /usr/local/texlive/2026/texmf-dist/tex/latex/pgf/systemlayer/pgfsys.sty...
(Processing definitions /usr/local/texlive/2026/texmf-dist/tex/generic/pgf/systemlayer/pgfsys.code.tex...
(Loading /opt/homebrew/Cellar/latexml/0.8.8_4/libexec/lib/perl5/LaTeXML/Package/pgfkeys.code.tex.ltxml...
(Processing definitions /usr/local/texlive/2026/texmf-dist/tex/generic/pgf/utilities/pgfkeys.code.tex...
(Processing definitions /usr/local/texlive/2026/texmf-dist/tex/generic/pgf/utilities/pgfkeyslibraryfiltered.code.tex... 0.12 sec) 0.33 sec) 0.33 sec)
(Processing definitions /usr/local/texlive/2026/texmf-dist/tex/generic/pgf/systemlayer/pgf.cfg... 0.00 sec)
Driver file for pgf: pgfsys-latexml.def
(Loading /opt/homebrew/Cellar/latexml/0.8.8_4/libexec/lib/perl5/LaTeXML/Package/pgfsys-latexml.def.ltxml... 0.01 sec) 0.63 sec)
(Processing definitions /usr/local/texlive/2026/texmf-dist/tex/generic/pgf/systemlayer/pgfsyssoftpath.code.tex... 0.01 sec)
(Processing definitions /usr/local/texlive/2026/texmf-dist/tex/generic/pgf/systemlayer/pgfsysprotocol.code.tex... 0.00 sec) 0.65 sec)
(Loading /opt/homebrew/Cellar/latexml/0.8.8_4/libexec/lib/perl5/LaTeXML/Package/keyval.sty.ltxml...
(Processing definitions /usr/local/texlive/2026/texmf-dist/tex/latex/graphics/keyval.sty... 0.00 sec) 0.00 sec)
(Loading /opt/homebrew/Cellar/latexml/0.8.8_4/libexec/lib/perl5/LaTeXML/Package/xcolor.sty.ltxml...
(Loading /opt/homebrew/Cellar/latexml/0.8.8_4/libexec/lib/perl5/LaTeXML/Package/color.sty.ltxml... 0.00 sec) 0.02 sec)
(Processing definitions /usr/local/texlive/2026/texmf-dist/tex/generic/pgf/basiclayer/pgfcore.code.tex...
(Loading /opt/homebrew/Cellar/latexml/0.8.8_4/libexec/lib/perl5/LaTeXML/Package/pgfmath.code.tex.ltxml...
(Processing definitions /usr/local/texlive/2026/texmf-dist/tex/generic/pgf/math/pgfmath.code.tex...
(Processing definitions /usr/local/texlive/2026/texmf-dist/tex/generic/pgf/math/pgfmathutil.code.tex... 0.02 sec)
(Processing definitions /usr/local/texlive/2026/texmf-dist/tex/generic/pgf/math/pgfmathparser.code.tex... 0.09 sec)
(Processing definitions /usr/local/texlive/2026/texmf-dist/tex/generic/pgf/math/pgfmathfunctions.code.tex... 0.05 sec)
(Processing definitions /usr/local/texlive/2026/texmf-dist/tex/generic/pgf/math/pgfmathfunctions.basic.code.tex... 0.10 sec)
(Processing definitions /usr/local/texlive/2026/texmf-dist/tex/generic/pgf/math/pgfmathfunctions.trigonometric.code.tex... 0.37 sec)
(Processing definitions /usr/local/texlive/2026/texmf-dist/tex/generic/pgf/math/pgfmathfunctions.random.code.tex... 0.02 sec)
(Processing definitions /usr/local/texlive/2026/texmf-dist/tex/generic/pgf/math/pgfmathfunctions.comparison.code.tex... 0.07 sec)
(Processing definitions /usr/local/texlive/2026/texmf-dist/tex/generic/pgf/math/pgfmathfunctions.base.code.tex... 0.04 sec)
(Processing definitions /usr/local/texlive/2026/texmf-dist/tex/generic/pgf/math/pgfmathfunctions.round.code.tex... 0.02 sec)
(Processing definitions /usr/local/texlive/2026/texmf-dist/tex/generic/pgf/math/pgfmathfunctions.misc.code.tex... 0.05 sec)
(Processing definitions /usr/local/texlive/2026/texmf-dist/tex/generic/pgf/math/pgfmathfunctions.integerarithmetics.code.tex... 0.02 sec)
(Loading /opt/homebrew/Cellar/latexml/0.8.8_4/libexec/lib/perl5/LaTeXML/Package/pgfmathcalc.code.tex.ltxml...
(Processing definitions /usr/local/texlive/2026/texmf-dist/tex/generic/pgf/math/pgfmathcalc.code.tex... 0.02 sec) 0.02 sec)
(Processing definitions /usr/local/texlive/2026/texmf-dist/tex/generic/pgf/math/pgfmathfloat.code.tex... 0.50 sec) 1.36 sec) 1.37 sec)
(Processing definitions /usr/local/texlive/2026/texmf-dist/tex/generic/pgf/math/pgfint.code.tex... 0.00 sec)
(Processing definitions /usr/local/texlive/2026/texmf-dist/tex/generic/pgf/basiclayer/pgfcorepoints.code.tex... 0.05 sec)
(Processing definitions /usr/local/texlive/2026/texmf-dist/tex/generic/pgf/basiclayer/pgfcorepathconstruct.code.tex... 0.05 sec)
(Processing definitions /usr/local/texlive/2026/texmf-dist/tex/generic/pgf/basiclayer/pgfcorepathusage.code.tex... 0.08 sec)
(Processing definitions /usr/local/texlive/2026/texmf-dist/tex/generic/pgf/basiclayer/pgfcorescopes.code.tex... 0.08 sec)
(Processing definitions /usr/local/texlive/2026/texmf-dist/tex/generic/pgf/basiclayer/pgfcoregraphicstate.code.tex... 0.01 sec)
(Processing definitions /usr/local/texlive/2026/texmf-dist/tex/generic/pgf/basiclayer/pgfcoretransformations.code.tex... 0.02 sec)
(Processing definitions /usr/local/texlive/2026/texmf-dist/tex/generic/pgf/basiclayer/pgfcorequick.code.tex... 0.00 sec)
(Processing definitions /usr/local/texlive/2026/texmf-dist/tex/generic/pgf/basiclayer/pgfcoreobjects.code.tex... 0.00 sec)
(Processing definitions /usr/local/texlive/2026/texmf-dist/tex/generic/pgf/basiclayer/pgfcorepathprocessing.code.tex... 0.02 sec)
(Processing definitions /usr/local/texlive/2026/texmf-dist/tex/generic/pgf/basiclayer/pgfcorearrows.code.tex... 0.51 sec)
(Processing definitions /usr/local/texlive/2026/texmf-dist/tex/generic/pgf/basiclayer/pgfcoreshade.code.tex... 0.04 sec)
(Processing definitions /usr/local/texlive/2026/texmf-dist/tex/generic/pgf/basiclayer/pgfcoreimage.code.tex... 0.05 sec)
(Processing definitions /usr/local/texlive/2026/texmf-dist/tex/generic/pgf/basiclayer/pgfcoreexternal.code.tex... 0.05 sec)
(Processing definitions /usr/local/texlive/2026/texmf-dist/tex/generic/pgf/basiclayer/pgfcorelayers.code.tex... 0.01 sec)
(Processing definitions /usr/local/texlive/2026/texmf-dist/tex/generic/pgf/basiclayer/pgfcoretransparency.code.tex... 0.03 sec)
(Processing definitions /usr/local/texlive/2026/texmf-dist/tex/generic/pgf/basiclayer/pgfcorepatterns.code.tex... 0.01 sec)
(Processing definitions /usr/local/texlive/2026/texmf-dist/tex/generic/pgf/basiclayer/pgfcorerdf.code.tex... 0.00 sec) 2.41 sec) 3.10 sec)
(Processing definitions /usr/local/texlive/2026/texmf-dist/tex/generic/pgf/modules/pgfmoduleshapes.code.tex... 0.10 sec)
(Processing definitions /usr/local/texlive/2026/texmf-dist/tex/generic/pgf/modules/pgfmoduleplot.code.tex... 0.11 sec)
(Processing definitions /usr/local/texlive/2026/texmf-dist/tex/latex/pgf/compatibility/pgfcomp-version-0-65.sty... 0.09 sec)
(Processing definitions /usr/local/texlive/2026/texmf-dist/tex/latex/pgf/compatibility/pgfcomp-version-1-18.sty... 0.00 sec) 3.61 sec) 3.61 sec)
(Processing definitions /usr/local/texlive/2026/texmf-dist/tex/latex/pgf/utilities/pgffor.sty...
(Processing definitions /usr/local/texlive/2026/texmf-dist/tex/latex/pgf/utilities/pgfkeys.sty... 0.00 sec)
(Processing definitions /usr/local/texlive/2026/texmf-dist/tex/latex/pgf/math/pgfmath.sty... 0.00 sec)
(Processing definitions /usr/local/texlive/2026/texmf-dist/tex/generic/pgf/utilities/pgffor.code.tex... 0.08 sec) 0.09 sec)
(Processing definitions /usr/local/texlive/2026/texmf-dist/tex/generic/pgf/frontendlayer/tikz/tikz.code.tex...
(Processing definitions /usr/local/texlive/2026/texmf-dist/tex/generic/pgf/libraries/pgflibraryplothandlers.code.tex... 0.06 sec)
(Processing definitions /usr/local/texlive/2026/texmf-dist/tex/generic/pgf/modules/pgfmodulematrix.code.tex... 0.02 sec)
(Processing definitions /usr/local/texlive/2026/texmf-dist/tex/generic/pgf/frontendlayer/tikz/libraries/tikzlibrarytopaths.code.tex... 0.08 sec) 1.43 sec) 5.14 sec) 5.14 sec)
TIKZ LIBRARY automata
(Processing definitions /usr/local/texlive/2026/texmf-dist/tex/generic/pgf/frontendlayer/tikz/libraries/tikzlibraryautomata.code.tex...
TIKZ LIBRARY shapes.multipart
(Processing definitions /usr/local/texlive/2026/texmf-dist/tex/generic/pgf/frontendlayer/tikz/libraries/tikzlibraryshapes.multipart.code.tex...
(Processing definitions /usr/local/texlive/2026/texmf-dist/tex/generic/pgf/libraries/shapes/pgflibraryshapes.multipart.code.tex... 0.27 sec) 0.29 sec) 0.41 sec)
TIKZ LIBRARY positioning
(Processing definitions /usr/local/texlive/2026/texmf-dist/tex/generic/pgf/frontendlayer/tikz/libraries/tikzlibrarypositioning.code.tex... 0.05 sec)
(Loading /opt/homebrew/Cellar/latexml/0.8.8_4/libexec/lib/perl5/LaTeXML/Package/calc.sty.ltxml... 0.00 sec)
(Loading /opt/homebrew/Cellar/latexml/0.8.8_4/libexec/lib/perl5/LaTeXML/Package/ifthen.sty.ltxml...
(Processing definitions /usr/local/texlive/2026/texmf-dist/tex/latex/base/ifthen.sty... 0.01 sec) 0.01 sec)
(Loading /opt/homebrew/Cellar/latexml/0.8.8_4/libexec/lib/perl5/LaTeXML/Package/lscape.sty.ltxml... 0.00 sec)
(Loading /opt/homebrew/Cellar/latexml/0.8.8_4/libexec/lib/perl5/LaTeXML/Package/multicol.sty.ltxml... 0.00 sec)
(Loading /opt/homebrew/Cellar/latexml/0.8.8_4/libexec/lib/perl5/LaTeXML/Package/tabularx.sty.ltxml...
(Loading /opt/homebrew/Cellar/latexml/0.8.8_4/libexec/lib/perl5/LaTeXML/Package/array.sty.ltxml... 0.00 sec) 0.00 sec)
(Loading /opt/homebrew/Cellar/latexml/0.8.8_4/libexec/lib/perl5/LaTeXML/Package/colortbl.sty.ltxml... 0.01 sec)
(Loading /opt/homebrew/Cellar/latexml/0.8.8_4/libexec/lib/perl5/LaTeXML/Package/mathrsfs.sty.ltxml... 0.00 sec)
(Loading /opt/homebrew/Cellar/latexml/0.8.8_4/libexec/lib/perl5/LaTeXML/Package/xfrac.sty.ltxml...
(Loading /opt/homebrew/Cellar/latexml/0.8.8_4/libexec/lib/perl5/LaTeXML/Package/nicefrac.sty.ltxml... 0.00 sec) 0.01 sec)
(Loading /opt/homebrew/Cellar/latexml/0.8.8_4/libexec/lib/perl5/LaTeXML/Package/bbding.sty.ltxml...
(Processing definitions /usr/local/texlive/2026/texmf-dist/tex/latex/bbding/bbding.sty... 0.02 sec) 0.02 sec)
(Loading /opt/homebrew/Cellar/latexml/0.8.8_4/libexec/lib/perl5/LaTeXML/Package/newtxmath.sty.ltxml...
(Loading /opt/homebrew/Cellar/latexml/0.8.8_4/libexec/lib/perl5/LaTeXML/Package/etoolbox.sty.ltxml... 0.07 sec)
(Loading /opt/homebrew/Cellar/latexml/0.8.8_4/libexec/lib/perl5/LaTeXML/Package/ifxetex.sty.ltxml... 0.00 sec)
(Loading /opt/homebrew/Cellar/latexml/0.8.8_4/libexec/lib/perl5/LaTeXML/Package/ifluatex.sty.ltxml... 0.00 sec)
(Loading /opt/homebrew/Cellar/latexml/0.8.8_4/libexec/lib/perl5/LaTeXML/Package/xkeyval.sty.ltxml... 0.00 sec)
(Loading /opt/homebrew/Cellar/latexml/0.8.8_4/libexec/lib/perl5/LaTeXML/Package/txfonts.sty.ltxml... 0.01 sec) 0.10 sec)
(Loading /opt/homebrew/Cellar/latexml/0.8.8_4/libexec/lib/perl5/LaTeXML/Package/newtxtext.sty.ltxml... 0.00 sec)
(Loading /opt/homebrew/Cellar/latexml/0.8.8_4/libexec/lib/perl5/LaTeXML/Package/pgfplots.sty.ltxml...
(Processing definitions /usr/local/texlive/2026/texmf-dist/tex/latex/pgfplots/pgfplots.sty...
(Processing definitions /usr/local/texlive/2026/texmf-dist/tex/generic/pgfplots/pgfplots.revision.tex... 0.00 sec)
(Processing definitions /usr/local/texlive/2026/texmf-dist/tex/generic/pgfplots/pgfplots.code.tex...
(Processing definitions /usr/local/texlive/2026/texmf-dist/tex/generic/pgfplots/pgfplotscore.code.tex...
(Processing definitions /usr/local/texlive/2026/texmf-dist/tex/generic/pgfplots/sys/pgfplotssysgeneric.code.tex... 0.00 sec) 0.25 sec)
(Processing definitions /usr/local/texlive/2026/texmf-dist/tex/generic/pgfplots/libs/pgfplotslibrary.code.tex... 0.01 sec)
(Processing definitions /usr/local/texlive/2026/texmf-dist/tex/generic/pgfplots/oldpgfcompatib/pgfplotsoldpgfsupp_loader.code.tex...
(Processing definitions /usr/local/texlive/2026/texmf-dist/tex/generic/pgf/libraries/pgflibraryfpu.code.tex... 0.16 sec)
(Processing definitions /usr/local/texlive/2026/texmf-dist/tex/generic/pgfplots/oldpgfcompatib/pgfplotsoldpgfsupp_pgfutil-common-lists.tex... 0.01 sec) 0.19 sec)
(Processing definitions /usr/local/texlive/2026/texmf-dist/tex/generic/pgfplots/util/pgfplotsutil.code.tex...
(Processing definitions /usr/local/texlive/2026/texmf-dist/tex/generic/pgfplots/liststructure/pgfplotsliststructure.code.tex... 0.01 sec)
(Processing definitions /usr/local/texlive/2026/texmf-dist/tex/generic/pgfplots/liststructure/pgfplotsliststructureext.code.tex... 0.02 sec)
(Processing definitions /usr/local/texlive/2026/texmf-dist/tex/generic/pgfplots/liststructure/pgfplotsarray.code.tex... 0.03 sec)
(Processing definitions /usr/local/texlive/2026/texmf-dist/tex/generic/pgfplots/liststructure/pgfplotsmatrix.code.tex... 0.02 sec)
(Processing definitions /usr/local/texlive/2026/texmf-dist/tex/generic/pgfplots/numtable/pgfplotstableshared.code.tex... 0.48 sec)
(Processing definitions /usr/local/texlive/2026/texmf-dist/tex/generic/pgfplots/liststructure/pgfplotsdeque.code.tex... 0.00 sec)
(Processing definitions /usr/local/texlive/2026/texmf-dist/tex/generic/pgfplots/util/pgfplotsbinary.code.tex...
(Processing definitions /usr/local/texlive/2026/texmf-dist/tex/generic/pgfplots/util/pgfplotsbinary.data.code.tex... 0.07 sec) 0.15 sec)
(Processing definitions /usr/local/texlive/2026/texmf-dist/tex/generic/pgfplots/util/pgfplotsutil.verb.code.tex... 0.03 sec)
(Processing definitions /usr/local/texlive/2026/texmf-dist/tex/generic/pgfplots/libs/pgflibrarypgfplots.surfshading.code.tex... 0.28 sec) 1.28 sec)
(Processing definitions /usr/local/texlive/2026/texmf-dist/tex/generic/pgfplots/util/pgfplotscolormap.code.tex...
(Processing definitions /usr/local/texlive/2026/texmf-dist/tex/generic/pgfplots/util/pgfplotscolor.code.tex... 0.07 sec) 0.68 sec)
(Processing definitions /usr/local/texlive/2026/texmf-dist/tex/generic/pgfplots/pgfplotsstackedplots.code.tex... 0.02 sec)
(Processing definitions /usr/local/texlive/2026/texmf-dist/tex/generic/pgfplots/pgfplotsplothandlers.code.tex...
(Processing definitions /usr/local/texlive/2026/texmf-dist/tex/generic/pgfplots/pgfplotsmeshplothandler.code.tex...
(Processing definitions /usr/local/texlive/2026/texmf-dist/tex/generic/pgfplots/pgfplotsmeshplotimage.code.tex... 0.02 sec) 0.48 sec) 1.16 sec)
(Processing definitions /usr/local/texlive/2026/texmf-dist/tex/generic/pgfplots/pgfplots.scaling.code.tex... 0.10 sec)
(Processing definitions /usr/local/texlive/2026/texmf-dist/tex/generic/pgfplots/pgfplotscoordprocessing.code.tex... 0.76 sec)
(Processing definitions /usr/local/texlive/2026/texmf-dist/tex/generic/pgfplots/pgfplots.errorbars.code.tex... 0.02 sec)
(Processing definitions /usr/local/texlive/2026/texmf-dist/tex/generic/pgfplots/pgfplots.markers.code.tex... 0.01 sec)
(Processing definitions /usr/local/texlive/2026/texmf-dist/tex/generic/pgfplots/pgfplotsticks.code.tex... 0.08 sec)
(Processing definitions /usr/local/texlive/2026/texmf-dist/tex/generic/pgfplots/pgfplots.paths.code.tex... 0.00 sec)
TIKZ LIBRARY decorations
(Processing definitions /usr/local/texlive/2026/texmf-dist/tex/generic/pgf/frontendlayer/tikz/libraries/tikzlibrarydecorations.code.tex...
(Processing definitions /usr/local/texlive/2026/texmf-dist/tex/generic/pgf/modules/pgfmoduledecorations.code.tex... 0.21 sec) 0.26 sec)
TIKZ LIBRARY decorations.pathmorphing
(Processing definitions /usr/local/texlive/2026/texmf-dist/tex/generic/pgf/frontendlayer/tikz/libraries/tikzlibrarydecorations.pathmorphing.code.tex...
(Processing definitions /usr/local/texlive/2026/texmf-dist/tex/generic/pgf/libraries/decorations/pgflibrarydecorations.pathmorphing.code.tex... 0.03 sec) 0.04 sec)
TIKZ LIBRARY decorations.pathreplacing
(Processing definitions /usr/local/texlive/2026/texmf-dist/tex/generic/pgf/frontendlayer/tikz/libraries/tikzlibrarydecorations.pathreplacing.code.tex...
(Processing definitions /usr/local/texlive/2026/texmf-dist/tex/generic/pgf/libraries/decorations/pgflibrarydecorations.pathreplacing.code.tex... 0.04 sec) 0.06 sec)
(Processing definitions /usr/local/texlive/2026/texmf-dist/tex/generic/pgfplots/libs/tikzlibrarypgfplots.contourlua.code.tex... 0.01 sec) 14.45 sec)
TIKZ LIBRARY plotmarks
(Processing definitions /usr/local/texlive/2026/texmf-dist/tex/generic/pgf/frontendlayer/tikz/libraries/tikzlibraryplotmarks.code.tex...
(Processing definitions /usr/local/texlive/2026/texmf-dist/tex/generic/pgf/libraries/pgflibraryplotmarks.code.tex... 0.05 sec) 0.05 sec) 14.61 sec) 15.11 sec)
(Loading /opt/homebrew/Cellar/latexml/0.8.8_4/libexec/lib/perl5/LaTeXML/Package/caption.sty.ltxml... 0.00 sec)
(Loading /opt/homebrew/Cellar/latexml/0.8.8_4/libexec/lib/perl5/LaTeXML/Package/subcaption.sty.ltxml... 0.00 sec)
(Loading /opt/homebrew/Cellar/latexml/0.8.8_4/libexec/lib/perl5/LaTeXML/Package/titling.sty.ltxml... 0.00 sec)
(Loading /opt/homebrew/Cellar/latexml/0.8.8_4/libexec/lib/perl5/LaTeXML/Package/geometry.sty.ltxml...
(Loading /opt/homebrew/Cellar/latexml/0.8.8_4/libexec/lib/perl5/LaTeXML/Package/ifpdf.sty.ltxml... 0.00 sec)
(Loading /opt/homebrew/Cellar/latexml/0.8.8_4/libexec/lib/perl5/LaTeXML/Package/ifvtex.sty.ltxml...
(Loading /opt/homebrew/Cellar/latexml/0.8.8_4/libexec/lib/perl5/LaTeXML/Package/iftex.sty.ltxml... 0.00 sec) 0.00 sec) 0.01 sec)
(Loading /opt/homebrew/Cellar/latexml/0.8.8_4/libexec/lib/perl5/LaTeXML/Package/fancyvrb.sty.ltxml...
(Processing definitions /usr/local/texlive/2026/texmf-dist/tex/latex/fancyvrb/fancyvrb.sty... 0.22 sec) 0.23 sec)
(Loading /opt/homebrew/Cellar/latexml/0.8.8_4/libexec/lib/perl5/LaTeXML/Package/listings.sty.ltxml...
(Processing definitions /usr/local/texlive/2026/texmf-dist/tex/latex/listings/listings.cfg... 0.00 sec) 0.03 sec) 21.77 sec)
(Loading /opt/homebrew/Cellar/latexml/0.8.8_4/libexec/lib/perl5/LaTeXML/Package/hyperref.sty.ltxml...
(Loading /opt/homebrew/Cellar/latexml/0.8.8_4/libexec/lib/perl5/LaTeXML/Package/ltxcmds.sty.ltxml...
(Processing definitions /usr/local/texlive/2026/texmf-dist/tex/generic/ltxcmds/ltxcmds.sty... 0.03 sec) 0.03 sec)
(Loading /opt/homebrew/Cellar/latexml/0.8.8_4/libexec/lib/perl5/LaTeXML/Package/kvsetkeys.sty.ltxml...
(Processing definitions /usr/local/texlive/2026/texmf-dist/tex/latex/kvsetkeys/kvsetkeys.sty... 0.02 sec) 0.02 sec)
(Loading /opt/homebrew/Cellar/latexml/0.8.8_4/libexec/lib/perl5/LaTeXML/Package/kvdefinekeys.sty.ltxml...
(Processing definitions /usr/local/texlive/2026/texmf-dist/tex/generic/kvdefinekeys/kvdefinekeys.sty... 0.01 sec) 0.01 sec)
(Loading /opt/homebrew/Cellar/latexml/0.8.8_4/libexec/lib/perl5/LaTeXML/Package/kvoptions.sty.ltxml...
(Processing definitions /usr/local/texlive/2026/texmf-dist/tex/latex/kvoptions/kvoptions.sty... 0.05 sec) 0.05 sec)
(Loading /opt/homebrew/Cellar/latexml/0.8.8_4/libexec/lib/perl5/LaTeXML/Package/nameref.sty.ltxml...
(Loading /opt/homebrew/Cellar/latexml/0.8.8_4/libexec/lib/perl5/LaTeXML/Package/refcount.sty.ltxml...
(Processing definitions /usr/local/texlive/2026/texmf-dist/tex/latex/refcount/refcount.sty...
(Loading /opt/homebrew/Cellar/latexml/0.8.8_4/libexec/lib/perl5/LaTeXML/Package/infwarerr.sty.ltxml...
(Processing definitions /usr/local/texlive/2026/texmf-dist/tex/generic/infwarerr/infwarerr.sty... 0.02 sec) 0.02 sec) 0.04 sec) 0.04 sec)
(Loading /opt/homebrew/Cellar/latexml/0.8.8_4/libexec/lib/perl5/LaTeXML/Package/gettitlestring.sty.ltxml...
(Processing definitions /usr/local/texlive/2026/texmf-dist/tex/generic/gettitlestring/gettitlestring.sty... 0.17 sec) 0.17 sec) 0.22 sec)
(Loading /opt/homebrew/Cellar/latexml/0.8.8_4/libexec/lib/perl5/LaTeXML/Package/url.sty.ltxml... 0.00 sec)
(Loading /opt/homebrew/Cellar/latexml/0.8.8_4/libexec/lib/perl5/LaTeXML/Package/bitset.sty.ltxml...
(Processing definitions /usr/local/texlive/2026/texmf-dist/tex/generic/bitset/bitset.sty...
(Loading /opt/homebrew/Cellar/latexml/0.8.8_4/libexec/lib/perl5/LaTeXML/Package/intcalc.sty.ltxml...
(Processing definitions /usr/local/texlive/2026/texmf-dist/tex/generic/intcalc/intcalc.sty... 0.02 sec) 0.02 sec)
(Loading /opt/homebrew/Cellar/latexml/0.8.8_4/libexec/lib/perl5/LaTeXML/Package/bigintcalc.sty.ltxml...
(Processing definitions /usr/local/texlive/2026/texmf-dist/tex/generic/bigintcalc/bigintcalc.sty...
(Loading /opt/homebrew/Cellar/latexml/0.8.8_4/libexec/lib/perl5/LaTeXML/Package/pdftexcmds.sty.ltxml... 0.00 sec) 0.06 sec) 0.06 sec) 0.15 sec) 0.15 sec) 0.53 sec)
ABD: EveryShipout initializing macros
Package pgfplots notification 'compat/show suggested version=true': document %
has been generated with the most recent feature set (\pgfplotsset{compat=1.18}%
).
Info:fontmap:U Couldn't find fontmap for 'U'
	at Hello_World.tex; line 60 col 170 - line 60 col 170
(Loading /opt/homebrew/Cellar/latexml/0.8.8_4/libexec/lib/perl5/LaTeXML/Package/ding.fontmap.ltxml... 0.00 sec)
(Processing definitions /usr/local/texlive/2026/texmf-dist/tex/latex/listings/lstlang1.sty... 0.42 sec) 34.69 sec) 34.74 sec)
(Building...
(Loading compiled schema /opt/homebrew/Cellar/latexml/0.8.8_4/libexec/lib/perl5/LaTeXML/resources/RelaxNG/LaTeXML.model... 0.00 sec) 0.33 sec)
(Rewriting... 0.00 sec)
(Math Parsing 30 formulae ...... 0.06 sec)
Math parsing succeeded:
   ltx:XMath: 30/30
   ltx:XMArg: 41/41
Symbols assumed as simple identifiers (with # of occurences):
   'x{italic}' (21), 'y{italic}' (1)
Set MATHPARSER_SPECULATE to speculate on possible notations.
(Finalizing... 0.02 sec)
Conversion complete: No obvious problems (reqd. 35.20s)
